
     Program PWSCF v.6.1 starts on 14Jun2017 at 17:48:35 

     This program is part of the open-source Quantum ESPRESSO suite
     for quantum simulation of materials; please cite
         "P. Giannozzi et al., J. Phys.:Condens. Matter 21 395502 (2009);
          URL http://www.quantum-espresso.org", 
     in publications or presentations arising from this work. More details at
     http://www.quantum-espresso.org/quote

     Parallel version (MPI & OpenMP), running on       8 processor cores
     Number of MPI processes:                 8
     Threads/MPI process:                     1
     R & G space division:  proc/nbgrp/npool/nimage =       8
     Reading input from left.in
Warning: card &IONS ignored
Warning: card / ignored
Warning: card &CELL ignored
Warning: card / ignored

     Current dimensions of program PWSCF are:
     Max number of different atomic species (ntypx) = 10
     Max number of k-points (npk) =  40000
     Max angular momentum in pseudopotentials (lmaxx) =  3

     IMPORTANT: XC functional enforced from input :
     Exchange-correlation      = PBE ( 1  4  3  4 0 0)
     Any further DFT definition will be discarded
     Please, verify this is what you really want


     gamma-point specific algorithms are used
     Message from routine setup:
     the system is metallic, specify occupations

     Subspace diagonalization in iterative solution of the eigenvalue problem:
     a serial algorithm will be used


     Parallelization info
     --------------------
     sticks:   dense  smooth     PW     G-vecs:    dense   smooth      PW
     Min         851     851    211                79440    79440    9908
     Max         854     854    214                79450    79450    9914
     Sum        6817    6817   1701               635539   635539   79289



     bravais-lattice index     =            0
     lattice parameter (alat)  =      18.8973  a.u.
     unit-cell volume          =   10122.5019 (a.u.)^3
     number of atoms/cell      =            2
     number of atomic types    =            1
     number of electrons       =        39.00 (up:  20.00, down:  19.00)
     number of Kohn-Sham states=           30
     kinetic-energy cutoff     =      60.0000  Ry
     charge density cutoff     =     240.0000  Ry
     convergence threshold     =      1.0E-08
     mixing beta               =       0.7000
     number of iterations used =            8  plain     mixing
     Exchange-correlation      = PBE ( 1  4  3  4 0 0)
     Assuming isolated system, Martyna-Tuckerman method


     celldm(1)=  18.897261  celldm(2)=   0.000000  celldm(3)=   0.000000
     celldm(4)=   0.000000  celldm(5)=   0.000000  celldm(6)=   0.000000

     crystal axes: (cart. coord. in units of alat)
               a(1) = (   1.000000   0.000000   0.000000 )  
               a(2) = (   0.000000   1.000000   0.000000 )  
               a(3) = (   0.000000   0.000000   1.500000 )  

     reciprocal axes: (cart. coord. in units 2 pi/alat)
               b(1) = (  1.000000  0.000000  0.000000 )  
               b(2) = (  0.000000  1.000000  0.000000 )  
               b(3) = (  0.000000  0.000000  0.666667 )  


     PseudoPot. # 1 for Zn read from file:
     ../pseudos/Zn_ONCV_PBE-1.0.UPF
     MD5 check sum: cac91cab8b48577db0083da285b4abce
     Pseudo is Norm-conserving, Zval = 20.0
     Generated using ONCVPSP code by D. R. Hamann
     Using radial grid of 1326 points,  6 beta functions with: 
                l(1) =   0
                l(2) =   0
                l(3) =   1
                l(4) =   1
                l(5) =   2
                l(6) =   2

     atomic species   valence    mass     pseudopotential
        Zn            20.00    65.39000     Zn( 1.00)

     Starting magnetic structure 
     atomic species   magnetization
        Zn           0.000

     16 Sym. Ops., with inversion, found



   Cartesian axes

     site n.     atom                  positions (alat units)
         1           Zn  tau(   1) = (   0.5000000   0.5000000   0.5000000  )
         2           Zn  tau(   2) = (   0.5000000   0.5000000   1.0000000  )

     number of k points=     1
                       cart. coord. in units 2pi/alat
        k(    1) = (   0.0000000   0.0000000   0.0000000), wk =   1.0000000

     Dense  grid:   317770 G-vectors     FFT dimensions: (  96,  96, 144)

     Estimated max dynamical RAM per process >      64.62MB

     Estimated total allocated dynamical RAM >     516.95MB
     Generating pointlists ...
     new r_m :   0.2063 (alat units)  3.8976 (a.u.) for type    1

     Initial potential from superposition of free atoms
     Check: negative starting charge=(component1):   -0.000355
     Check: negative starting charge=(component2):   -0.000355

     starting charge   39.99973, renormalised to   39.00000

     negative rho (up, down):  3.466E-04 3.466E-04
     Starting wfc are   20 randomized atomic wfcs +   10 random wfc

     total cpu time spent up to now is        3.7 secs

     per-process dynamical memory:    60.7 Mb

     Self-consistent Calculation

     iteration #  1     ecut=    60.00 Ry     beta= 0.70
     Davidson diagonalization with overlap
     ethr =  1.00E-02,  avg # of iterations = 13.0

     negative rho (up, down):  4.047E-05 8.162E-05

     total cpu time spent up to now is       10.0 secs

     total energy              =    -798.58637326 Ry
     Harris-Foulkes estimate   =    -800.77897424 Ry
     estimated scf accuracy    <       1.89343716 Ry

     total magnetization       =     1.00 Bohr mag/cell
     absolute magnetization    =     1.00 Bohr mag/cell

     iteration #  2     ecut=    60.00 Ry     beta= 0.70
     Davidson diagonalization with overlap
     ethr =  4.85E-03,  avg # of iterations =  8.5

     negative rho (up, down):  1.313E-05 3.098E-05

     total cpu time spent up to now is       15.4 secs

     total energy              =    -799.20533132 Ry
     Harris-Foulkes estimate   =    -799.99797631 Ry
     estimated scf accuracy    <       2.17118195 Ry

     total magnetization       =     1.00 Bohr mag/cell
     absolute magnetization    =     1.02 Bohr mag/cell

     iteration #  3     ecut=    60.00 Ry     beta= 0.70
     Davidson diagonalization with overlap
     ethr =  4.85E-03,  avg # of iterations =  5.5

     negative rho (up, down):  1.760E-06 5.077E-06

     total cpu time spent up to now is       19.6 secs

     total energy              =    -799.76651621 Ry
     Harris-Foulkes estimate   =    -799.74815368 Ry
     estimated scf accuracy    <       0.03076677 Ry

     total magnetization       =     1.00 Bohr mag/cell
     absolute magnetization    =     1.05 Bohr mag/cell

     iteration #  4     ecut=    60.00 Ry     beta= 0.70
     Davidson diagonalization with overlap
     WARNING:     3 eigenvalues not converged in regterg
     c_bands:  3 eigenvalues not converged
     WARNING:     3 eigenvalues not converged in regterg
     c_bands:  3 eigenvalues not converged
     ethr =  7.89E-05,  avg # of iterations = 20.0

     negative rho (up, down):  1.602E-06 4.127E-06

     total cpu time spent up to now is       27.5 secs

     total energy              =    -799.78177610 Ry
     Harris-Foulkes estimate   =    -799.78144807 Ry
     estimated scf accuracy    <       0.00784423 Ry

     total magnetization       =     1.00 Bohr mag/cell
     absolute magnetization    =     1.06 Bohr mag/cell

     iteration #  5     ecut=    60.00 Ry     beta= 0.70
     Davidson diagonalization with overlap
     WARNING:     2 eigenvalues not converged in regterg
     c_bands:  2 eigenvalues not converged
     ethr =  2.01E-05,  avg # of iterations = 16.0

     negative rho (up, down):  2.010E-06 1.444E-06

     total cpu time spent up to now is       33.6 secs

     total energy              =    -799.78852176 Ry
     Harris-Foulkes estimate   =    -799.78405848 Ry
     estimated scf accuracy    <       0.00138527 Ry

     total magnetization       =     1.00 Bohr mag/cell
     absolute magnetization    =     1.05 Bohr mag/cell

     iteration #  6     ecut=    60.00 Ry     beta= 0.70
     Davidson diagonalization with overlap
     ethr =  3.55E-06,  avg # of iterations = 15.0

     negative rho (up, down):  3.742E-09 1.510E-06

     total cpu time spent up to now is       39.7 secs

     total energy              =    -799.78670000 Ry
     Harris-Foulkes estimate   =    -799.78891856 Ry
     estimated scf accuracy    <       0.00046530 Ry

     total magnetization       =     1.00 Bohr mag/cell
     absolute magnetization    =     1.05 Bohr mag/cell

     iteration #  7     ecut=    60.00 Ry     beta= 0.70
     Davidson diagonalization with overlap
     ethr =  1.19E-06,  avg # of iterations = 14.0

     total cpu time spent up to now is       45.5 secs

     total energy              =    -799.78684291 Ry
     Harris-Foulkes estimate   =    -799.78693866 Ry
     estimated scf accuracy    <       0.00011136 Ry

     total magnetization       =     1.00 Bohr mag/cell
     absolute magnetization    =     1.05 Bohr mag/cell

     iteration #  8     ecut=    60.00 Ry     beta= 0.70
     Davidson diagonalization with overlap
     ethr =  2.86E-07,  avg # of iterations =  8.5

     negative rho (up, down):  6.436E-09 1.074E-06

     total cpu time spent up to now is       50.5 secs

     total energy              =    -799.78717298 Ry
     Harris-Foulkes estimate   =    -799.78685967 Ry
     estimated scf accuracy    <       0.00002096 Ry

     total magnetization       =     1.00 Bohr mag/cell
     absolute magnetization    =     1.05 Bohr mag/cell

     iteration #  9     ecut=    60.00 Ry     beta= 0.70
     Davidson diagonalization with overlap
     WARNING:     1 eigenvalues not converged in regterg
     c_bands:  1 eigenvalues not converged
     ethr =  5.37E-08,  avg # of iterations = 13.0

     total cpu time spent up to now is       57.6 secs

     total energy              =    -799.78720944 Ry
     Harris-Foulkes estimate   =    -799.78717976 Ry
     estimated scf accuracy    <       0.00000073 Ry

     total magnetization       =     1.00 Bohr mag/cell
     absolute magnetization    =     1.05 Bohr mag/cell

     iteration # 10     ecut=    60.00 Ry     beta= 0.70
     Davidson diagonalization with overlap
     WARNING:     1 eigenvalues not converged in regterg
     c_bands:  1 eigenvalues not converged
     ethr =  1.87E-09,  avg # of iterations = 19.0

     total cpu time spent up to now is       65.6 secs

     total energy              =    -799.78722945 Ry
     Harris-Foulkes estimate   =    -799.78720998 Ry
     estimated scf accuracy    <       0.00000008 Ry

     total magnetization       =     1.00 Bohr mag/cell
     absolute magnetization    =     1.05 Bohr mag/cell

     iteration # 11     ecut=    60.00 Ry     beta= 0.70
     Davidson diagonalization with overlap
     WARNING:     1 eigenvalues not converged in regterg
     c_bands:  1 eigenvalues not converged
     ethr =  2.03E-10,  avg # of iterations = 16.5

     total cpu time spent up to now is       72.7 secs

     total energy              =    -799.78724410 Ry
     Harris-Foulkes estimate   =    -799.78722950 Ry
     estimated scf accuracy    <       0.00000011 Ry

     total magnetization       =     1.00 Bohr mag/cell
     absolute magnetization    =     1.05 Bohr mag/cell

     iteration # 12     ecut=    60.00 Ry     beta= 0.70
     Davidson diagonalization with overlap
     ethr =  2.03E-10,  avg # of iterations = 10.0
       I D(charge)   A(charge)     Val=A-D      Target              Old              New
       1 0.101E+01   0.101E-01  -0.100E+01  -0.100E+01   0.32800000E+00   0.32768592E+00
     CDFT charge error:     0.78519510E-04

     Magnetic moment per site:
     atom:    1    charge:   19.8403    magn:    0.0050    constr:    0.0000
     atom:    2    charge:   18.9490    magn:    0.9509    constr:    0.0000

     total cpu time spent up to now is       79.8 secs

 ------ SPIN UP ------------


          k = 0.0000 0.0000 0.0000     band energies (ev):

  -136.4555-134.6326 -90.6195 -90.6112 -90.6111 -88.7328 -88.7328 -88.7312
   -17.3453 -17.3411 -17.3410 -17.3291 -17.3291 -15.4618 -15.4618 -15.4596
   -15.4596 -15.4589 -13.1788 -10.0325  -8.0905  -8.0905  -8.0085  -5.9348
    -4.9513  -4.6000  -4.4247  -4.2552  -4.2552  -3.8902

 ------ SPIN DOWN ----------


          k = 0.0000 0.0000 0.0000     band energies (ev):

  -136.4553-134.4674 -90.6193 -90.6112 -90.6111 -88.6735 -88.6735 -88.6717
   -17.3444 -17.3405 -17.3405 -17.3290 -17.3289 -15.2570 -15.2569 -15.2549
   -15.2549 -15.2542 -13.1731  -8.9473  -8.0867  -8.0867  -7.9721  -5.9243
    -4.9461  -4.5587  -4.4188  -4.2217  -4.2217  -3.7765

     highest occupied, lowest unoccupied level (ev):   -10.0325   -8.9473

     total energy              =    -799.78724413 Ry
     Harris-Foulkes estimate   =    -799.78724413 Ry
     estimated scf accuracy    <          2.1E-09 Ry

     total magnetization       =     1.00 Bohr mag/cell
     absolute magnetization    =     1.05 Bohr mag/cell

     iteration #  1     ecut=    60.00 Ry     beta= 0.70
     Davidson diagonalization with overlap
     WARNING:     2 eigenvalues not converged in regterg
     c_bands:  2 eigenvalues not converged
     ethr =  2.03E-10,  avg # of iterations = 17.0

     Threshold (ethr) on eigenvalues was too large:
     Diagonalizing with lowered threshold

     Davidson diagonalization with overlap
     WARNING:     2 eigenvalues not converged in regterg
     c_bands:  2 eigenvalues not converged
     ethr =  1.12E-11,  avg # of iterations = 16.0
       I D(charge)   A(charge)     Val=A-D      Target              Old              New
       1 0.101E+01   0.102E-01  -0.100E+01  -0.100E+01   0.32768592E+00   0.32779069E+00
     CDFT charge error:    -0.39304586E-04

     Magnetic moment per site:
     atom:    1    charge:   19.8403    magn:    0.0050    constr:    0.0000
     atom:    2    charge:   18.9490    magn:    0.9509    constr:    0.0000

     total cpu time spent up to now is       94.4 secs

 ------ SPIN UP ------------


          k = 0.0000 0.0000 0.0000     band energies (ev):

  -136.4512-134.6369 -90.6152 -90.6069 -90.6068 -88.7370 -88.7370 -88.7355
   -17.3411 -17.3368 -17.3368 -17.3248 -17.3248 -15.4661 -15.4661 -15.4639
   -15.4639 -15.4632 -13.1746 -10.0367  -8.0863  -8.0863  -8.0046  -5.9309
    -4.9473  -4.5967  -4.4207  -4.2519  -4.2519  -3.8894

 ------ SPIN DOWN ----------


          k = 0.0000 0.0000 0.0000     band energies (ev):

  -136.4510-134.4717 -90.6151 -90.6069 -90.6068 -88.6777 -88.6777 -88.6760
   -17.3402 -17.3363 -17.3362 -17.3247 -17.3247 -15.2613 -15.2612 -15.2591
   -15.2591 -15.2585 -13.1689  -8.9513  -8.0825  -8.0825  -7.9684  -5.9204
    -4.9421  -4.5550  -4.4147  -4.2178  -4.2178  -3.7729

     highest occupied, lowest unoccupied level (ev):   -10.0367   -8.9513

     total energy              =    -799.78724414 Ry
     Harris-Foulkes estimate   =    -799.78724415 Ry
     estimated scf accuracy    <          4.8E-09 Ry

     total magnetization       =     1.00 Bohr mag/cell
     absolute magnetization    =     1.05 Bohr mag/cell

     iteration #  1     ecut=    60.00 Ry     beta= 0.70
     Davidson diagonalization with overlap
     WARNING:     4 eigenvalues not converged in regterg
     c_bands:  4 eigenvalues not converged
     ethr =  1.12E-11,  avg # of iterations = 20.0
       I D(charge)   A(charge)     Val=A-D      Target              Str
       1 0.101E+01   0.102E-01  -0.100E+01  -0.100E+01   0.32779069E+00
     CDFT charge error:    -0.13055897E-06

     Magnetic moment per site:
     atom:    1    charge:   19.8403    magn:    0.0050    constr:    0.0000
     atom:    2    charge:   18.9491    magn:    0.9509    constr:    0.0000

     total cpu time spent up to now is      103.8 secs

     End of self-consistent calculation

 ------ SPIN UP ------------


          k = 0.0000 0.0000 0.0000 ( 39645 PWs)   bands (ev):

  -136.4527-134.6354 -90.6166 -90.6083 -90.6083 -88.7356 -88.7356 -88.7340
   -17.3425 -17.3382 -17.3382 -17.3263 -17.3262 -15.4647 -15.4647 -15.4624
   -15.4624 -15.4617 -13.1760 -10.0353  -8.0877  -8.0877  -8.0059  -5.9322
    -4.9486  -4.5978  -4.4220  -4.2530  -4.2530  -3.8897

 ------ SPIN DOWN ----------


          k = 0.0000 0.0000 0.0000 ( 39645 PWs)   bands (ev):

  -136.4525-134.4702 -90.6165 -90.6083 -90.6082 -88.6763 -88.6763 -88.6746
   -17.3416 -17.3377 -17.3376 -17.3261 -17.3261 -15.2599 -15.2598 -15.2577
   -15.2577 -15.2570 -13.1703  -8.9499  -8.0839  -8.0839  -7.9696  -5.9217
    -4.9434  -4.5563  -4.4161  -4.2191  -4.2191  -3.7741

     highest occupied, lowest unoccupied level (ev):   -10.0353   -8.9499

!    total energy              =    -799.78726955 Ry
     Harris-Foulkes estimate   =    -799.78724414 Ry
     estimated scf accuracy    <          3.7E-09 Ry

     The total energy is the sum of the following terms:

     one-electron contribution =   -1573.45457869 Ry
     hartree contribution      =     761.08397527 Ry
     xc contribution           =     -72.08501952 Ry
     ewald contribution        =      84.66835334 Ry
     CDFT contribution         =       0.00000004 Ry

     total magnetization       =     1.00 Bohr mag/cell
     absolute magnetization    =     1.05 Bohr mag/cell

     convergence has been achieved in   1 iterations

     Writing output data file left.save

     init_run     :      3.35s CPU      3.57s WALL (       1 calls)
     electrons    :     94.46s CPU    100.16s WALL (       1 calls)

     Called by init_run:
     wfcinit      :      0.71s CPU      0.74s WALL (       1 calls)
     potinit      :      1.87s CPU      1.98s WALL (       1 calls)

     Called by electrons:
     c_bands      :     67.77s CPU     71.95s WALL (      15 calls)
     sum_band     :      8.44s CPU      8.85s WALL (      15 calls)
     v_of_rho     :     14.34s CPU     14.93s WALL (      15 calls)
     mix_rho      :      2.67s CPU      2.94s WALL (      15 calls)

     Called by c_bands:
     init_us_2    :      0.38s CPU      0.40s WALL (      62 calls)
     regterg      :     66.88s CPU     70.94s WALL (      30 calls)

     Called by sum_band:

     Called by *egterg:
     h_psi        :     51.54s CPU     54.38s WALL (     456 calls)
     g_psi        :      0.18s CPU      0.19s WALL (     424 calls)
     rdiaghg      :      1.26s CPU      1.29s WALL (     448 calls)

     Called by h_psi:
     h_psi:pot    :     50.94s CPU     53.80s WALL (     456 calls)
     h_psi:calbec :      2.07s CPU      2.20s WALL (     456 calls)
     vloc_psi     :     47.26s CPU     49.79s WALL (     456 calls)
     add_vuspsi   :      1.61s CPU      1.81s WALL (     456 calls)

     General routines
     calbec       :      2.06s CPU      2.19s WALL (     456 calls)
     fft          :     11.40s CPU     11.91s WALL (     453 calls)
     fftw         :     40.15s CPU     42.59s WALL (    4678 calls)

     Parallel routines
     fft_scatter  :     28.46s CPU     30.26s WALL (    5131 calls)

     PWSCF        :  1m38.01s CPU     1m43.99s WALL


   This run was terminated on:  17:50:19  14Jun2017            

=------------------------------------------------------------------------------=
   JOB DONE.
=------------------------------------------------------------------------------=
