
     Program POST-PROC v.6.1 starts on 14Jun2017 at 17:52:21 

     This program is part of the open-source Quantum ESPRESSO suite
     for quantum simulation of materials; please cite
         "P. Giannozzi et al., J. Phys.:Condens. Matter 21 395502 (2009);
          URL http://www.quantum-espresso.org", 
     in publications or presentations arising from this work. More details at
     http://www.quantum-espresso.org/quote

     Parallel version (MPI & OpenMP), running on       8 processor cores
     Number of MPI processes:                 8
     Threads/MPI process:                     1
     R & G space division:  proc/nbgrp/npool/nimage =       8

   Info: using nr1, nr2, nr3 values from input

   Info: using nr1, nr2, nr3 values from input

     IMPORTANT: XC functional enforced from input :
     Exchange-correlation      = PBE ( 1  4  3  4 0 0)
     Any further DFT definition will be discarded
     Please, verify this is what you really want


     Parallelization info
     --------------------
     sticks:   dense  smooth     PW     G-vecs:    dense   smooth      PW
     Min         851     851    211                79440    79440    9908
     Max         854     854    214                79450    79450    9914
     Sum        6817    6817   1701               635539   635539   79289

     Generating pointlists ...
     new r_m :   0.2062 (alat units)  3.8976 (a.u.) for type    1

     Calling punch_plot, plot_num =   6
     Writing data to file  right.sdd
     Reading data from file  right.sdd

     Writing data to be plotted to file right.cube
     Plot Type: 3D                     Output format: Gaussian cube

     POST-PROC    :     5.92s CPU         6.21s WALL


   This run was terminated on:  17:52:27  14Jun2017            

=------------------------------------------------------------------------------=
   JOB DONE.
=------------------------------------------------------------------------------=
